2026-01-08T00:17:30.693+09:00  INFO 12452 --- [tetris] [restartedMain] net.datasa.tetris.TetrisApplication      : Starting TetrisApplication using Java 21.0.6 with PID 12452 (C:\Users\a\Desktop\tetris\multitetris\tetris\build\classes\java\main started by a in C:\Users\a\Desktop\tetris\multitetris\tetris)
2026-01-08T00:17:30.696+09:00 DEBUG 12452 --- [tetris] [restartedMain] net.datasa.tetris.TetrisApplication      : Running with Spring Boot v3.5.9, Spring v6.2.15
2026-01-08T00:17:30.698+09:00  INFO 12452 --- [tetris] [restartedMain] net.datasa.tetris.TetrisApplication      : No active profile set, falling back to 1 default profile: "default"
2026-01-08T00:17:30.798+09:00  INFO 12452 --- [tetris] [restartedMain] .e.DevToolsPropertyDefaultsPostProcessor : Devtools property defaults active! Set 'spring.devtools.add-properties' to 'false' to disable
2026-01-08T00:17:30.799+09:00  INFO 12452 --- [tetris] [restartedMain] .e.DevToolsPropertyDefaultsPostProcessor : For additional web related logging consider setting the 'logging.level.web' property to 'DEBUG'
2026-01-08T00:17:32.243+09:00  INFO 12452 --- [tetris] [restartedMain] o.s.b.w.embedded.tomcat.TomcatWebServer  : Tomcat initialized with port 9999 (http)
2026-01-08T00:17:32.258+09:00  INFO 12452 --- [tetris] [restartedMain] o.apache.catalina.core.StandardService   : Starting service [Tomcat]
2026-01-08T00:17:32.259+09:00  INFO 12452 --- [tetris] [restartedMain] o.apache.catalina.core.StandardEngine    : Starting Servlet engine: [Apache Tomcat/10.1.50]
2026-01-08T00:17:32.304+09:00  INFO 12452 --- [tetris] [restartedMain] o.a.c.c.C.[Tomcat].[localhost].[/]       : Initializing Spring embedded WebApplicationContext
2026-01-08T00:17:32.304+09:00  INFO 12452 --- [tetris] [restartedMain] w.s.c.ServletWebServerApplicationContext : Root WebApplicationContext: initialization completed in 1504 ms
2026-01-08T00:17:32.768+09:00  INFO 12452 --- [tetris] [restartedMain] o.s.b.d.a.OptionalLiveReloadServer       : LiveReload server is running on port 35729
2026-01-08T00:17:32.810+09:00  INFO 12452 --- [tetris] [restartedMain] o.s.b.w.embedded.tomcat.TomcatWebServer  : Tomcat started on port 9999 (http) with context path '/'
2026-01-08T00:17:32.819+09:00  INFO 12452 --- [tetris] [restartedMain] net.datasa.tetris.TetrisApplication      : Started TetrisApplication in 2.765 seconds (process running for 3.266)
2026-01-08T00:17:42.424+09:00  INFO 12452 --- [tetris] [http-nio-9999-exec-1] o.a.c.c.C.[Tomcat].[localhost].[/]       : Initializing Spring DispatcherServlet 'dispatcherServlet'
2026-01-08T00:17:42.425+09:00  INFO 12452 --- [tetris] [http-nio-9999-exec-1] o.s.web.servlet.DispatcherServlet        : Initializing Servlet 'dispatcherServlet'
2026-01-08T00:17:42.427+09:00  INFO 12452 --- [tetris] [http-nio-9999-exec-1] o.s.web.servlet.DispatcherServlet        : Completed initialization in 2 ms
2026-01-08T00:55:34.293+09:00  INFO 13228 --- [tetris] [restartedMain] net.datasa.tetris.TetrisApplication      : Starting TetrisApplication using Java 21.0.6 with PID 13228 (C:\Users\a\Desktop\tetris\multitetris\tetris\build\classes\java\main started by a in C:\Users\a\Desktop\tetris\multitetris\tetris)
2026-01-08T00:55:34.295+09:00 DEBUG 13228 --- [tetris] [restartedMain] net.datasa.tetris.TetrisApplication      : Running with Spring Boot v3.5.9, Spring v6.2.15
2026-01-08T00:55:34.296+09:00  INFO 13228 --- [tetris] [restartedMain] net.datasa.tetris.TetrisApplication      : No active profile set, falling back to 1 default profile: "default"
2026-01-08T00:55:34.354+09:00  INFO 13228 --- [tetris] [restartedMain] .e.DevToolsPropertyDefaultsPostProcessor : Devtools property defaults active! Set 'spring.devtools.add-properties' to 'false' to disable
2026-01-08T00:55:34.355+09:00  INFO 13228 --- [tetris] [restartedMain] .e.DevToolsPropertyDefaultsPostProcessor : For additional web related logging consider setting the 'logging.level.web' property to 'DEBUG'
2026-01-08T00:55:35.472+09:00  INFO 13228 --- [tetris] [restartedMain] o.s.b.w.embedded.tomcat.TomcatWebServer  : Tomcat initialized with port 9999 (http)
2026-01-08T00:55:35.491+09:00  INFO 13228 --- [tetris] [restartedMain] o.apache.catalina.core.StandardService   : Starting service [Tomcat]
2026-01-08T00:55:35.491+09:00  INFO 13228 --- [tetris] [restartedMain] o.apache.catalina.core.StandardEngine    : Starting Servlet engine: [Apache Tomcat/10.1.50]
2026-01-08T00:55:35.547+09:00  INFO 13228 --- [tetris] [restartedMain] o.a.c.c.C.[Tomcat].[localhost].[/]       : Initializing Spring embedded WebApplicationContext
2026-01-08T00:55:35.547+09:00  INFO 13228 --- [tetris] [restartedMain] w.s.c.ServletWebServerApplicationContext : Root WebApplicationContext: initialization completed in 1191 ms
2026-01-08T00:55:36.041+09:00  INFO 13228 --- [tetris] [restartedMain] o.s.b.d.a.OptionalLiveReloadServer       : LiveReload server is running on port 35729
2026-01-08T00:55:36.057+09:00  INFO 13228 --- [tetris] [restartedMain] o.s.m.s.b.SimpleBrokerMessageHandler     : Starting...
2026-01-08T00:55:36.059+09:00  INFO 13228 --- [tetris] [restartedMain] o.s.m.s.b.SimpleBrokerMessageHandler     : BrokerAvailabilityEvent[available=true, SimpleBrokerMessageHandler [org.springframework.messaging.simp.broker.DefaultSubscriptionRegistry@26106bab]]
2026-01-08T00:55:36.060+09:00  INFO 13228 --- [tetris] [restartedMain] o.s.m.s.b.SimpleBrokerMessageHandler     : Started.
2026-01-08T00:55:36.078+09:00  INFO 13228 --- [tetris] [restartedMain] o.s.b.w.embedded.tomcat.TomcatWebServer  : Tomcat started on port 9999 (http) with context path '/'
2026-01-08T00:55:36.084+09:00  INFO 13228 --- [tetris] [restartedMain] net.datasa.tetris.TetrisApplication      : Started TetrisApplication in 2.407 seconds (process running for 2.822)
2026-01-08T00:55:41.169+09:00  INFO 13228 --- [tetris] [http-nio-9999-exec-1] o.a.c.c.C.[Tomcat].[localhost].[/]       : Initializing Spring DispatcherServlet 'dispatcherServlet'
2026-01-08T00:55:41.170+09:00  INFO 13228 --- [tetris] [http-nio-9999-exec-1] o.s.web.servlet.DispatcherServlet        : Initializing Servlet 'dispatcherServlet'
2026-01-08T00:55:41.171+09:00  INFO 13228 --- [tetris] [http-nio-9999-exec-1] o.s.web.servlet.DispatcherServlet        : Completed initialization in 1 ms
2026-01-08T00:56:36.061+09:00  INFO 13228 --- [tetris] [MessageBroker-1] o.s.w.s.c.WebSocketMessageBrokerStats    : WebSocketSession[0 current WS(0)-HttpStream(0)-HttpPoll(0), 0 total, 0 closed abnormally (0 connect failure, 0 send limit, 0 transport error)], stompSubProtocol[processed CONNECT(0)-CONNECTED(0)-DISCONNECT(0)], stompBrokerRelay[null], inboundChannel[pool size = 0, active threads = 0, queued tasks = 0, completed tasks = 0], outboundChannel[pool size = 0, active threads = 0, queued tasks = 0, completed tasks = 0], sockJsScheduler[pool size = 1, active threads = 1, queued tasks = 0, completed tasks = 0]
2026-01-08T00:57:24.181+09:00  INFO 10424 --- [tetris] [restartedMain] net.datasa.tetris.TetrisApplication      : Starting TetrisApplication using Java 21.0.6 with PID 10424 (C:\Users\a\Desktop\tetris\multitetris\tetris\build\classes\java\main started by a in C:\Users\a\Desktop\tetris\multitetris\tetris)
2026-01-08T00:57:24.183+09:00 DEBUG 10424 --- [tetris] [restartedMain] net.datasa.tetris.TetrisApplication      : Running with Spring Boot v3.5.9, Spring v6.2.15
2026-01-08T00:57:24.186+09:00  INFO 10424 --- [tetris] [restartedMain] net.datasa.tetris.TetrisApplication      : No active profile set, falling back to 1 default profile: "default"
2026-01-08T00:57:24.274+09:00  INFO 10424 --- [tetris] [restartedMain] .e.DevToolsPropertyDefaultsPostProcessor : Devtools property defaults active! Set 'spring.devtools.add-properties' to 'false' to disable
2026-01-08T00:57:24.275+09:00  INFO 10424 --- [tetris] [restartedMain] .e.DevToolsPropertyDefaultsPostProcessor : For additional web related logging consider setting the 'logging.level.web' property to 'DEBUG'
2026-01-08T00:57:25.431+09:00  INFO 10424 --- [tetris] [restartedMain] o.s.b.w.embedded.tomcat.TomcatWebServer  : Tomcat initialized with port 9999 (http)
2026-01-08T00:57:25.447+09:00  INFO 10424 --- [tetris] [restartedMain] o.apache.catalina.core.StandardService   : Starting service [Tomcat]
2026-01-08T00:57:25.448+09:00  INFO 10424 --- [tetris] [restartedMain] o.apache.catalina.core.StandardEngine    : Starting Servlet engine: [Apache Tomcat/10.1.50]
2026-01-08T00:57:25.493+09:00  INFO 10424 --- [tetris] [restartedMain] o.a.c.c.C.[Tomcat].[localhost].[/]       : Initializing Spring embedded WebApplicationContext
2026-01-08T00:57:25.493+09:00  INFO 10424 --- [tetris] [restartedMain] w.s.c.ServletWebServerApplicationContext : Root WebApplicationContext: initialization completed in 1218 ms
2026-01-08T00:57:25.970+09:00  INFO 10424 --- [tetris] [restartedMain] o.s.b.d.a.OptionalLiveReloadServer       : LiveReload server is running on port 35729
2026-01-08T00:57:25.983+09:00  INFO 10424 --- [tetris] [restartedMain] o.s.m.s.b.SimpleBrokerMessageHandler     : Starting...
2026-01-08T00:57:25.985+09:00  INFO 10424 --- [tetris] [restartedMain] o.s.m.s.b.SimpleBrokerMessageHandler     : BrokerAvailabilityEvent[available=true, SimpleBrokerMessageHandler [org.springframework.messaging.simp.broker.DefaultSubscriptionRegistry@653a3b39]]
2026-01-08T00:57:25.989+09:00  INFO 10424 --- [tetris] [restartedMain] o.s.m.s.b.SimpleBrokerMessageHandler     : Started.
2026-01-08T00:57:26.013+09:00  INFO 10424 --- [tetris] [restartedMain] o.s.b.w.embedded.tomcat.TomcatWebServer  : Tomcat started on port 9999 (http) with context path '/'
2026-01-08T00:57:26.021+09:00  INFO 10424 --- [tetris] [restartedMain] net.datasa.tetris.TetrisApplication      : Started TetrisApplication in 2.523 seconds (process running for 2.971)
2026-01-08T00:57:26.248+09:00  INFO 10424 --- [tetris] [http-nio-9999-exec-1] o.a.c.c.C.[Tomcat].[localhost].[/]       : Initializing Spring DispatcherServlet 'dispatcherServlet'
2026-01-08T00:57:26.250+09:00  INFO 10424 --- [tetris] [http-nio-9999-exec-1] o.s.web.servlet.DispatcherServlet        : Initializing Servlet 'dispatcherServlet'
2026-01-08T00:57:26.254+09:00  INFO 10424 --- [tetris] [http-nio-9999-exec-1] o.s.web.servlet.DispatcherServlet        : Completed initialization in 4 ms
2026-01-08T01:00:46.446+09:00  INFO 3192 --- [tetris] [restartedMain] net.datasa.tetris.TetrisApplication      : Starting TetrisApplication using Java 21.0.6 with PID 3192 (C:\Users\a\Desktop\tetris\multitetris\tetris\build\classes\java\main started by a in C:\Users\a\Desktop\tetris\multitetris\tetris)
2026-01-08T01:00:46.447+09:00 DEBUG 3192 --- [tetris] [restartedMain] net.datasa.tetris.TetrisApplication      : Running with Spring Boot v3.5.9, Spring v6.2.15
2026-01-08T01:00:46.448+09:00  INFO 3192 --- [tetris] [restartedMain] net.datasa.tetris.TetrisApplication      : No active profile set, falling back to 1 default profile: "default"
2026-01-08T01:00:46.525+09:00  INFO 3192 --- [tetris] [restartedMain] .e.DevToolsPropertyDefaultsPostProcessor : Devtools property defaults active! Set 'spring.devtools.add-properties' to 'false' to disable
2026-01-08T01:00:46.525+09:00  INFO 3192 --- [tetris] [restartedMain] .e.DevToolsPropertyDefaultsPostProcessor : For additional web related logging consider setting the 'logging.level.web' property to 'DEBUG'
2026-01-08T01:00:48.696+09:00  INFO 3192 --- [tetris] [restartedMain] o.s.b.w.embedded.tomcat.TomcatWebServer  : Tomcat initialized with port 9999 (http)
2026-01-08T01:00:48.717+09:00  INFO 3192 --- [tetris] [restartedMain] o.apache.catalina.core.StandardService   : Starting service [Tomcat]
2026-01-08T01:00:48.718+09:00  INFO 3192 --- [tetris] [restartedMain] o.apache.catalina.core.StandardEngine    : Starting Servlet engine: [Apache Tomcat/10.1.50]
2026-01-08T01:00:48.759+09:00  INFO 3192 --- [tetris] [restartedMain] o.a.c.c.C.[Tomcat].[localhost].[/]       : Initializing Spring embedded WebApplicationContext
2026-01-08T01:00:48.759+09:00  INFO 3192 --- [tetris] [restartedMain] w.s.c.ServletWebServerApplicationContext : Root WebApplicationContext: initialization completed in 2233 ms
2026-01-08T01:00:49.257+09:00  INFO 3192 --- [tetris] [restartedMain] o.s.b.d.a.OptionalLiveReloadServer       : LiveReload server is running on port 35729
2026-01-08T01:00:49.272+09:00  INFO 3192 --- [tetris] [restartedMain] o.s.m.s.b.SimpleBrokerMessageHandler     : Starting...
2026-01-08T01:00:49.276+09:00  INFO 3192 --- [tetris] [restartedMain] o.s.m.s.b.SimpleBrokerMessageHandler     : BrokerAvailabilityEvent[available=true, SimpleBrokerMessageHandler [org.springframework.messaging.simp.broker.DefaultSubscriptionRegistry@462f207f]]
2026-01-08T01:00:49.277+09:00  INFO 3192 --- [tetris] [restartedMain] o.s.m.s.b.SimpleBrokerMessageHandler     : Started.
2026-01-08T01:00:49.297+09:00  INFO 3192 --- [tetris] [restartedMain] o.s.b.w.embedded.tomcat.TomcatWebServer  : Tomcat started on port 9999 (http) with context path '/'
2026-01-08T01:00:49.308+09:00  INFO 3192 --- [tetris] [restartedMain] net.datasa.tetris.TetrisApplication      : Started TetrisApplication in 3.547 seconds (process running for 4.202)
2026-01-08T01:00:49.397+09:00  INFO 3192 --- [tetris] [http-nio-9999-exec-1] o.a.c.c.C.[Tomcat].[localhost].[/]       : Initializing Spring DispatcherServlet 'dispatcherServlet'
2026-01-08T01:00:49.397+09:00  INFO 3192 --- [tetris] [http-nio-9999-exec-1] o.s.web.servlet.DispatcherServlet        : Initializing Servlet 'dispatcherServlet'
2026-01-08T01:00:49.399+09:00  INFO 3192 --- [tetris] [http-nio-9999-exec-1] o.s.web.servlet.DispatcherServlet        : Completed initialization in 1 ms
2026-01-08T01:06:42.420+09:00  INFO 8740 --- [tetris] [restartedMain] net.datasa.tetris.TetrisApplication      : Starting TetrisApplication using Java 21.0.6 with PID 8740 (C:\Users\a\Desktop\tetris\multitetris\tetris\build\classes\java\main started by a in C:\Users\a\Desktop\tetris\multitetris\tetris)
2026-01-08T01:06:42.426+09:00 DEBUG 8740 --- [tetris] [restartedMain] net.datasa.tetris.TetrisApplication      : Running with Spring Boot v3.5.9, Spring v6.2.15
2026-01-08T01:06:42.427+09:00  INFO 8740 --- [tetris] [restartedMain] net.datasa.tetris.TetrisApplication      : No active profile set, falling back to 1 default profile: "default"
2026-01-08T01:06:42.665+09:00  INFO 8740 --- [tetris] [restartedMain] .e.DevToolsPropertyDefaultsPostProcessor : Devtools property defaults active! Set 'spring.devtools.add-properties' to 'false' to disable
2026-01-08T01:06:42.666+09:00  INFO 8740 --- [tetris] [restartedMain] .e.DevToolsPropertyDefaultsPostProcessor : For additional web related logging consider setting the 'logging.level.web' property to 'DEBUG'
2026-01-08T01:06:45.489+09:00  INFO 8740 --- [tetris] [restartedMain] o.s.b.w.embedded.tomcat.TomcatWebServer  : Tomcat initialized with port 9999 (http)
2026-01-08T01:06:45.510+09:00  INFO 8740 --- [tetris] [restartedMain] o.apache.catalina.core.StandardService   : Starting service [Tomcat]
2026-01-08T01:06:45.511+09:00  INFO 8740 --- [tetris] [restartedMain] o.apache.catalina.core.StandardEngine    : Starting Servlet engine: [Apache Tomcat/10.1.50]
2026-01-08T01:06:45.572+09:00  INFO 8740 --- [tetris] [restartedMain] o.a.c.c.C.[Tomcat].[localhost].[/]       : Initializing Spring embedded WebApplicationContext
2026-01-08T01:06:45.573+09:00  INFO 8740 --- [tetris] [restartedMain] w.s.c.ServletWebServerApplicationContext : Root WebApplicationContext: initialization completed in 2905 ms
2026-01-08T01:06:46.324+09:00  INFO 8740 --- [tetris] [restartedMain] o.s.b.d.a.OptionalLiveReloadServer       : LiveReload server is running on port 35729
2026-01-08T01:06:46.357+09:00  INFO 8740 --- [tetris] [restartedMain] o.s.m.s.b.SimpleBrokerMessageHandler     : Starting...
2026-01-08T01:06:46.360+09:00  INFO 8740 --- [tetris] [restartedMain] o.s.m.s.b.SimpleBrokerMessageHandler     : BrokerAvailabilityEvent[available=true, SimpleBrokerMessageHandler [org.springframework.messaging.simp.broker.DefaultSubscriptionRegistry@5251526e]]
2026-01-08T01:06:46.361+09:00  INFO 8740 --- [tetris] [restartedMain] o.s.m.s.b.SimpleBrokerMessageHandler     : Started.
2026-01-08T01:06:46.405+09:00  INFO 8740 --- [tetris] [restartedMain] o.s.b.w.embedded.tomcat.TomcatWebServer  : Tomcat started on port 9999 (http) with context path '/'
2026-01-08T01:06:46.424+09:00  INFO 8740 --- [tetris] [restartedMain] net.datasa.tetris.TetrisApplication      : Started TetrisApplication in 4.78 seconds (process running for 5.413)
2026-01-08T01:06:46.621+09:00  INFO 8740 --- [tetris] [http-nio-9999-exec-2] o.a.c.c.C.[Tomcat].[localhost].[/]       : Initializing Spring DispatcherServlet 'dispatcherServlet'
2026-01-08T01:06:46.622+09:00  INFO 8740 --- [tetris] [http-nio-9999-exec-2] o.s.web.servlet.DispatcherServlet        : Initializing Servlet 'dispatcherServlet'
2026-01-08T01:06:46.623+09:00  INFO 8740 --- [tetris] [http-nio-9999-exec-2] o.s.web.servlet.DispatcherServlet        : Completed initialization in 1 ms
2026-01-08T01:07:46.408+09:00  INFO 8740 --- [tetris] [MessageBroker-1] o.s.w.s.c.WebSocketMessageBrokerStats    : WebSocketSession[0 current WS(0)-HttpStream(0)-HttpPoll(0), 0 total, 0 closed abnormally (0 connect failure, 0 send limit, 0 transport error)], stompSubProtocol[processed CONNECT(0)-CONNECTED(0)-DISCONNECT(0)], stompBrokerRelay[null], inboundChannel[pool size = 0, active threads = 0, queued tasks = 0, completed tasks = 0], outboundChannel[pool size = 0, active threads = 0, queued tasks = 0, completed tasks = 0], sockJsScheduler[pool size = 1, active threads = 1, queued tasks = 0, completed tasks = 0]
